This is pdfTeX, Version 3.141592653-2.6-1.40.27 (MiKTeX 25.4) (preloaded format=pdflatex 2025.11.5)  12 MAY 2026 20:23
entering extended mode
 restricted \write18 enabled.
 file:line:error style messages enabled.
 %&-line parsing enabled.
**d:/SegundoSemestre/SISMD/Projeto/src/docs/relatorioProjeto.tex
(d:/SegundoSemestre/SISMD/Projeto/src/docs/relatorioProjeto.tex
LaTeX2e <2025-06-01> patch level 1
L3 programming layer <2025-10-09>
(C:\Users\lmnam\AppData\Local\Programs\MiKTeX\tex/latex/koma-script\scrbook.cls
Document Class: scrbook 2025/09/09 v3.48 KOMA-Script document class (book)
(C:\Users\lmnam\AppData\Local\Programs\MiKTeX\tex/latex/koma-script\scrkbase.sty
Package: scrkbase 2025/09/09 v3.48 KOMA-Script package (KOMA-Script-dependent basics and keyval usage)
 (C:\Users\lmnam\AppData\Local\Programs\MiKTeX\tex/latex/koma-script\scrbase.sty
Package: scrbase 2025/09/09 v3.48 KOMA-Script package (KOMA-Script-independent basics and keyval usage)
 (C:\Users\lmnam\AppData\Local\Programs\MiKTeX\tex/latex/koma-script\scrlfile.sty
Package: scrlfile 2025/09/09 v3.48 KOMA-Script package (file load hooks)
 (C:\Users\lmnam\AppData\Local\Programs\MiKTeX\tex/latex/koma-script\scrlfile-hook.sty
Package: scrlfile-hook 2025/09/09 v3.48 KOMA-Script package (using LaTeX hooks)
 (C:\Users\lmnam\AppData\Local\Programs\MiKTeX\tex/latex/koma-script\scrlogo.sty
Package: scrlogo 2025/09/09 v3.48 KOMA-Script package (logo)
))) (C:\Users\lmnam\AppData\Local\Programs\MiKTeX\tex/latex/graphics\keyval.sty
Package: keyval 2022/05/29 v1.15 key=value parser (DPC)
\KV@toks@=\toks17
)
Applying: [2021/05/01] Usage of raw or classic option list on input line 254.
Already applied: [0000/00/00] Usage of raw or classic option list on input line 370.
)) (C:\Users\lmnam\AppData\Local\Programs\MiKTeX\tex/latex/koma-script\tocbasic.sty
Package: tocbasic 2025/09/09 v3.48 KOMA-Script package (handling toc-files)
\scr@dte@tocline@numberwidth=\skip49
\scr@dte@tocline@numbox=\box53
)
Package tocbasic Info: omitting babel extension for `toc'
(tocbasic)             because of feature `nobabel' available
(tocbasic)             for `toc' on input line 143.
Package scrbook Info: You've used standard option `11pt'.
(scrbook)             This is correct!
(scrbook)             Internally I'm using `fontsize=11pt'.
(scrbook)             If you'd like to set the option with \KOMAoptions,
(scrbook)             you'd have to use `fontsize=11pt' there
(scrbook)             instead of `11pt', too.
Class scrbook Info: You've used standard option `openright'.
(scrbook)           This is correct!
(scrbook)           Internally I'm using `open=right'.
(scrbook)           If you'd like to set the option with \KOMAoptions,
(scrbook)           you'd have to use `open=right' there
(scrbook)           instead of `openright', too.
Class scrbook Info: File `scrsize11pt.clo' used to setup font sizes on input line 2710.
 (C:\Users\lmnam\AppData\Local\Programs\MiKTeX\tex/latex/koma-script\scrsize11pt.clo
File: scrsize11pt.clo 2025/09/09 v3.48 KOMA-Script font size class option (11pt)
) (C:\Users\lmnam\AppData\Local\Programs\MiKTeX\tex/latex/koma-script\typearea.sty
Package: typearea 2025/09/09 v3.48 KOMA-Script package (type area)
\ta@bcor=\skip50
\ta@div=\count275
Package typearea Info: You've used standard option `a4paper'.
(typearea)             This is correct!
(typearea)             Internally I'm using `paper=a4'.
(typearea)             If you'd like to set the option with \KOMAoptions,
(typearea)             you'd have to use `paper=a4' there
(typearea)             instead of `a4paper', too.
\ta@hblk=\skip51
\ta@vblk=\skip52
\ta@temp=\skip53
\footheight=\skip54
Package typearea Info: These are the values describing the layout:
(typearea)             DIV  = 10
(typearea)             BCOR = 42.67912pt
(typearea)             \paperwidth      = 597.50793pt
(typearea)              \textwidth      = 388.38017pt
(typearea)              DIV departure   = 0%
(typearea)              \evensidemargin = 38.69577pt
(typearea)              \oddsidemargin  = 25.89201pt
(typearea)             \paperheight     = 845.04694pt
(typearea)              \textheight     = 595.80026pt
(typearea)              \topmargin      = -25.16531pt
(typearea)              \headheight     = 17.0pt
(typearea)              \headsep        = 20.40001pt
(typearea)              \topskip        = 11.0pt
(typearea)              \footskip       = 47.6pt
(typearea)              \baselineskip   = 13.6pt
(typearea)              on input line 1807.
)
\c@part=\count276
\c@chapter=\count277
\c@section=\count278
\c@subsection=\count279
\c@subsubsection=\count280
\c@paragraph=\count281
\c@subparagraph=\count282
\scr@dte@chapter@maxnumwidth=\skip55
Class scrbook Info: using compatibility default `afterindent=bysign'
(scrbook)           for `\chapter on input line 6076.
\scr@dte@section@maxnumwidth=\skip56
Class scrbook Info: using compatibility default `runin=bysign'
(scrbook)           for `\section on input line 6087.
Class scrbook Info: using compatibility default `afterindent=bysign'
(scrbook)           for `\section on input line 6087.
\scr@dte@part@maxnumwidth=\skip57
Class scrbook Info: using compatibility default `afterindent=true'
(scrbook)           for `\part on input line 6096.
\scr@dte@subsection@maxnumwidth=\skip58
Class scrbook Info: using compatibility default `runin=bysign'
(scrbook)           for `\subsection on input line 6106.
Class scrbook Info: using compatibility default `afterindent=bysign'
(scrbook)           for `\subsection on input line 6106.
\scr@dte@subsubsection@maxnumwidth=\skip59
Class scrbook Info: using compatibility default `runin=bysign'
(scrbook)           for `\subsubsection on input line 6116.
Class scrbook Info: using compatibility default `afterindent=bysign'
(scrbook)           for `\subsubsection on input line 6116.
\scr@dte@paragraph@maxnumwidth=\skip60
Class scrbook Info: using compatibility default `runin=bysign'
(scrbook)           for `\paragraph on input line 6127.
Class scrbook Info: using compatibility default `afterindent=bysign'
(scrbook)           for `\paragraph on input line 6127.
\scr@dte@subparagraph@maxnumwidth=\skip61
Class scrbook Info: using compatibility default `runin=bysign'
(scrbook)           for `\subparagraph on input line 6137.
Class scrbook Info: using compatibility default `afterindent=bysign'
(scrbook)           for `\subparagraph on input line 6137.
\abovecaptionskip=\skip62
\belowcaptionskip=\skip63
\c@pti@nb@sid@b@x=\box54
Package tocbasic Info: omitting babel extension for `lof'
(tocbasic)             because of feature `nobabel' available
(tocbasic)             for `lof' on input line 7350.
\scr@dte@figure@maxnumwidth=\skip64
\c@figure=\count283
Package tocbasic Info: omitting babel extension for `lot'
(tocbasic)             because of feature `nobabel' available
(tocbasic)             for `lot' on input line 7363.
\scr@dte@table@maxnumwidth=\skip65
\c@table=\count284
Class scrbook Info: Redefining `\numberline' on input line 7534.
\bibindent=\dimen148
) (C:\Users\lmnam\AppData\Local\Programs\MiKTeX\tex/latex/setspace\setspace.sty
Package: setspace 2022/12/04 v6.7b set line spacing
) (C:\Users\lmnam\AppData\Local\Programs\MiKTeX\tex/latex/base\inputenc.sty
Package: inputenc 2024/02/08 v1.3d Input encoding file
\inpenc@prehook=\toks18
\inpenc@posthook=\toks19
) (C:\Users\lmnam\AppData\Local\Programs\MiKTeX\tex/generic/babel\babel.sty
Package: babel 2025/10/22 v25.14 The multilingual framework for LuaLaTeX, pdfLaTeX and XeLaTeX
\babel@savecnt=\count285
LaTeX Encoding Info:    Redeclaring text command \ij (encoding OT1) on input line 2050.
LaTeX Encoding Info:    Redeclaring text command \IJ (encoding OT1) on input line 2052.
LaTeX Encoding Info:    Redeclaring text command \ij (encoding T1) on input line 2054.
LaTeX Encoding Info:    Redeclaring text command \IJ (encoding T1) on input line 2055.
LaTeX Encoding Info:    Ignoring declaration for text command \ij (encoding ?) on input line 2056.
LaTeX Encoding Info:    Ignoring declaration for text command \IJ (encoding ?) on input line 2058.
LaTeX Encoding Info:    Ignoring declaration for text command \SS (encoding ?) on input line 2083.
\U@D=\dimen149
\l@unhyphenated=\language79
 (C:\Users\lmnam\AppData\Local\Programs\MiKTeX\tex/generic/babel\txtbabel.def)
\bbl@readstream=\read2
\bbl@dirlevel=\count286


Package babel Warning: Configuration files are deprecated, as
(babel)                they can break document portability.
(babel)                Reported on input line 4172.

*************************************
* Local config file bblopts.cfg used
*
(C:\Users\lmnam\AppData\Local\Programs\MiKTeX\tex/latex/arabi\bblopts.cfg
File: bblopts.cfg 2005/09/08 v0.1 add Arabic and Farsi to "declared" options of babel
) (C:\Users\lmnam\AppData\Local\Programs\MiKTeX\tex/generic/babel/locale/pt\babel-portuges.tex

Package babel Warning: Name 'portuges' is deprecated.
(babel)                Use 'portuguese' instead.
(babel)                Reported on input line 18.

) (C:\Users\lmnam\AppData\Local\Programs\MiKTeX\tex/generic/babel/locale/en\babel-english.tex)
Package babel Info: Importing font and identification data for portuges
(babel)             from babel-pt.ini. Reported on input line 4295.
 (C:\Users\lmnam\AppData\Local\Programs\MiKTeX\tex/latex/babel-portuges\portuguese.ldf
Language: portuges 2021/07/09 v1.2t Portuguese support from the babel system
Package babel Info: Making " an active character on input line 143.
)
Package babel Info: Importing font and identification data for english
(babel)             from babel-en.ini. Reported on input line 4295.
 (C:\Users\lmnam\AppData\Local\Programs\MiKTeX\tex/latex/babel-english\english.ldf
Language: english 2017/06/06 v3.3r English support from the babel system
Package babel Info: Hyphen rules for 'canadian' set to \l@english
(babel)             (\language0). Reported on input line 102.
Package babel Info: Hyphen rules for 'australian' set to \l@ukenglish
(babel)             (\language73). Reported on input line 105.
Package babel Info: Hyphen rules for 'newzealand' set to \l@ukenglish
(babel)             (\language73). Reported on input line 108.
)) (C:\Users\lmnam\AppData\Local\Programs\MiKTeX\tex/latex/natbib\natbib.sty
Package: natbib 2010/09/13 8.31b (PWD, AO)
\bibhang=\skip66
\bibsep=\skip67
LaTeX Info: Redefining \cite on input line 694.
\c@NAT@ctr=\count287
) (C:\Users\lmnam\AppData\Local\Programs\MiKTeX\tex/latex/graphics\graphicx.sty
Package: graphicx 2024/12/31 v1.2e Enhanced LaTeX Graphics (DPC,SPQR)
 (C:\Users\lmnam\AppData\Local\Programs\MiKTeX\tex/latex/graphics\graphics.sty
Package: graphics 2024/08/06 v1.4g Standard LaTeX Graphics (DPC,SPQR)
 (C:\Users\lmnam\AppData\Local\Programs\MiKTeX\tex/latex/graphics\trig.sty
Package: trig 2023/12/02 v1.11 sin cos tan (DPC)
) (C:\Users\lmnam\AppData\Local\Programs\MiKTeX\tex/latex/graphics-cfg\graphics.cfg
File: graphics.cfg 2016/06/04 v1.11 sample graphics configuration
)
Package graphics Info: Driver file: pdftex.def on input line 106.
 (C:\Users\lmnam\AppData\Local\Programs\MiKTeX\tex/latex/graphics-def\pdftex.def
File: pdftex.def 2025/09/29 v1.2d Graphics/color driver for pdftex
))
\Gin@req@height=\dimen150
\Gin@req@width=\dimen151
) (C:\Users\lmnam\AppData\Local\Programs\MiKTeX\tex/latex/hyperref\hyperref.sty
Package: hyperref 2025-07-12 v7.01o Hypertext links for LaTeX
 (C:\Users\lmnam\AppData\Local\Programs\MiKTeX\tex/generic/iftex\iftex.sty
Package: iftex 2024/12/12 v1.0g TeX engine tests
) (C:\Users\lmnam\AppData\Local\Programs\MiKTeX\tex/latex/kvsetkeys\kvsetkeys.sty
Package: kvsetkeys 2022-10-05 v1.19 Key value parser (HO)
) (C:\Users\lmnam\AppData\Local\Programs\MiKTeX\tex/generic/kvdefinekeys\kvdefinekeys.sty
Package: kvdefinekeys 2019-12-19 v1.6 Define keys (HO)
) (C:\Users\lmnam\AppData\Local\Programs\MiKTeX\tex/generic/pdfescape\pdfescape.sty
Package: pdfescape 2019/12/09 v1.15 Implements pdfTeX's escape features (HO)
 (C:\Users\lmnam\AppData\Local\Programs\MiKTeX\tex/generic/ltxcmds\ltxcmds.sty
Package: ltxcmds 2023-12-04 v1.26 LaTeX kernel commands for general use (HO)
) (C:\Users\lmnam\AppData\Local\Programs\MiKTeX\tex/generic/pdftexcmds\pdftexcmds.sty
Package: pdftexcmds 2020-06-27 v0.33 Utility functions of pdfTeX for LuaTeX (HO)
 (C:\Users\lmnam\AppData\Local\Programs\MiKTeX\tex/generic/infwarerr\infwarerr.sty
Package: infwarerr 2019/12/03 v1.5 Providing info/warning/error messages (HO)
)
Package pdftexcmds Info: \pdf@primitive is available.
Package pdftexcmds Info: \pdf@ifprimitive is available.
Package pdftexcmds Info: \pdfdraftmode found.
)) (C:\Users\lmnam\AppData\Local\Programs\MiKTeX\tex/latex/hycolor\hycolor.sty
Package: hycolor 2020-01-27 v1.10 Color options for hyperref/bookmark (HO)
) (C:\Users\lmnam\AppData\Local\Programs\MiKTeX\tex/latex/hyperref\nameref.sty
Package: nameref 2025-06-21 v2.57 Cross-referencing by name of section
 (C:\Users\lmnam\AppData\Local\Programs\MiKTeX\tex/latex/refcount\refcount.sty
Package: refcount 2019/12/15 v3.6 Data extraction from label references (HO)
) (C:\Users\lmnam\AppData\Local\Programs\MiKTeX\tex/generic/gettitlestring\gettitlestring.sty
Package: gettitlestring 2019/12/15 v1.6 Cleanup title references (HO)
 (C:\Users\lmnam\AppData\Local\Programs\MiKTeX\tex/latex/kvoptions\kvoptions.sty
Package: kvoptions 2022-06-15 v3.15 Key value format for package options (HO)
))
\c@section@level=\count288
) (C:\Users\lmnam\AppData\Local\Programs\MiKTeX\tex/latex/etoolbox\etoolbox.sty
Package: etoolbox 2025/10/02 v2.5m e-TeX tools for LaTeX (JAW)
\etb@tempcnta=\count289
) (C:\Users\lmnam\AppData\Local\Programs\MiKTeX\tex/generic/stringenc\stringenc.sty
Package: stringenc 2019/11/29 v1.12 Convert strings between diff. encodings (HO)
)
\@linkdim=\dimen152
\Hy@linkcounter=\count290
\Hy@pagecounter=\count291
 (C:\Users\lmnam\AppData\Local\Programs\MiKTeX\tex/latex/hyperref\pd1enc.def
File: pd1enc.def 2025-07-12 v7.01o Hyperref: PDFDocEncoding definition (HO)
Now handling font encoding PD1 ...
... no UTF-8 mapping file for font encoding PD1
) (C:\Users\lmnam\AppData\Local\Programs\MiKTeX\tex/generic/intcalc\intcalc.sty
Package: intcalc 2019/12/15 v1.3 Expandable calculations with integers (HO)
)
\Hy@SavedSpaceFactor=\count292
 (C:\Users\lmnam\AppData\Local\Programs\MiKTeX\tex/latex/hyperref\puenc.def
File: puenc.def 2025-07-12 v7.01o Hyperref: PDF Unicode definition (HO)
Now handling font encoding PU ...
... no UTF-8 mapping file for font encoding PU
)
Package hyperref Info: Hyper figures OFF on input line 4195.
Package hyperref Info: Link nesting OFF on input line 4200.
Package hyperref Info: Hyper index ON on input line 4203.
Package hyperref Info: Plain pages OFF on input line 4210.
Package hyperref Info: Backreferencing OFF on input line 4215.
Package hyperref Info: Implicit mode ON; LaTeX internals redefined.
Package hyperref Info: Bookmarks ON on input line 4462.
\c@Hy@tempcnt=\count293
 (C:\Users\lmnam\AppData\Local\Programs\MiKTeX\tex/latex/url\url.sty
\Urlmuskip=\muskip17
Package: url 2013/09/16  ver 3.4  Verb mode for urls, etc.
)
LaTeX Info: Redefining \url on input line 4801.
\XeTeXLinkMargin=\dimen153
 (C:\Users\lmnam\AppData\Local\Programs\MiKTeX\tex/generic/bitset\bitset.sty
Package: bitset 2019/12/09 v1.3 Handle bit-vector datatype (HO)
 (C:\Users\lmnam\AppData\Local\Programs\MiKTeX\tex/generic/bigintcalc\bigintcalc.sty
Package: bigintcalc 2019/12/15 v1.5 Expandable calculations on big integers (HO)
))
\Fld@menulength=\count294
\Field@Width=\dimen154
\Fld@charsize=\dimen155
Package hyperref Info: Hyper figures OFF on input line 6078.
Package hyperref Info: Link nesting OFF on input line 6083.
Package hyperref Info: Hyper index ON on input line 6086.
Package hyperref Info: backreferencing OFF on input line 6093.
Package hyperref Info: Link coloring OFF on input line 6098.
Package hyperref Info: Link coloring with OCG OFF on input line 6103.
Package hyperref Info: PDF/A mode OFF on input line 6108.
\Hy@abspage=\count295
\c@Item=\count296
\c@Hfootnote=\count297
)
Package hyperref Info: Driver: hpdftex.
 (C:\Users\lmnam\AppData\Local\Programs\MiKTeX\tex/latex/hyperref\hpdftex.def
File: hpdftex.def 2025-07-12 v7.01o Hyperref driver for pdfTeX
\Fld@listcount=\count298
\c@bookmark@seq@number=\count299
 (C:\Users\lmnam\AppData\Local\Programs\MiKTeX\tex/latex/rerunfilecheck\rerunfilecheck.sty
Package: rerunfilecheck 2025-06-21 v1.11 Rerun checks for auxiliary files (HO)
 (C:\Users\lmnam\AppData\Local\Programs\MiKTeX\tex/generic/uniquecounter\uniquecounter.sty
Package: uniquecounter 2019/12/15 v1.4 Provide unlimited unique counter (HO)
)
Package uniquecounter Info: New unique counter `rerunfilecheck' on input line 284.
)
\Hy@SectionHShift=\skip68
) (C:\Users\lmnam\AppData\Local\Programs\MiKTeX\tex/latex/base\fontenc.sty
Package: fontenc 2024/12/21 v2.1c Standard LaTeX package
) (C:\Users\lmnam\AppData\Local\Programs\MiKTeX\tex/latex/pdfpages\pdfpages.sty
Package: pdfpages 2025/07/23 v0.6g Insert pages of external PDF documents (AM)
 (C:\Users\lmnam\AppData\Local\Programs\MiKTeX\tex/latex/base\ifthen.sty
Package: ifthen 2024/03/16 v1.1e Standard LaTeX ifthen package (DPC)
) (C:\Users\lmnam\AppData\Local\Programs\MiKTeX\tex/latex/tools\calc.sty
Package: calc 2025/03/01 v4.3b Infix arithmetic (KKT,FJ)
\calc@Acount=\count300
\calc@Bcount=\count301
\calc@Adimen=\dimen156
\calc@Bdimen=\dimen157
\calc@Askip=\skip69
\calc@Bskip=\skip70
LaTeX Info: Redefining \setlength on input line 86.
LaTeX Info: Redefining \addtolength on input line 87.
\calc@Ccount=\count302
\calc@Cskip=\skip71
) (C:\Users\lmnam\AppData\Local\Programs\MiKTeX\tex/latex/eso-pic\eso-pic.sty
Package: eso-pic 2023/05/03 v3.0c eso-pic (RN)
\ESO@tempdima=\dimen158
\ESO@tempdimb=\dimen159
 (C:\Users\lmnam\AppData\Local\Programs\MiKTeX\tex/latex/xcolor\xcolor.sty
Package: xcolor 2024/09/29 v3.02 LaTeX color extensions (UK)
 (C:\Users\lmnam\AppData\Local\Programs\MiKTeX\tex/latex/graphics-cfg\color.cfg
File: color.cfg 2016/01/02 v1.6 sample color configuration
)
Package xcolor Info: Driver file: pdftex.def on input line 274.
 (C:\Users\lmnam\AppData\Local\Programs\MiKTeX\tex/latex/graphics\mathcolor.ltx)
Package xcolor Info: Model `cmy' substituted by `cmy0' on input line 1349.
Package xcolor Info: Model `hsb' substituted by `rgb' on input line 1353.
Package xcolor Info: Model `RGB' extended on input line 1365.
Package xcolor Info: Model `HTML' substituted by `rgb' on input line 1367.
Package xcolor Info: Model `Hsb' substituted by `hsb' on input line 1368.
Package xcolor Info: Model `tHsb' substituted by `hsb' on input line 1369.
Package xcolor Info: Model `HSB' substituted by `hsb' on input line 1370.
Package xcolor Info: Model `Gray' substituted by `gray' on input line 1371.
Package xcolor Info: Model `wave' substituted by `hsb' on input line 1372.
))
\AM@pagewidth=\dimen160
\AM@pageheight=\dimen161
\AM@fboxrule=\dimen162
 (C:\Users\lmnam\AppData\Local\Programs\MiKTeX\tex/latex/pdfpages\pppdftex.def
File: pppdftex.def 2025/07/23 v0.6g Pdfpages driver for pdfTeX (AM)
)
\pdfpages@includegraphics@status=\count303
\AM@pagebox=\box55
\AM@global@opts=\toks20
\AM@pagecnt=\count304
\AM@toc@title=\toks21
\AM@lof@heading=\toks22
\c@AM@survey=\count305
\AM@templatesizebox=\box56
) (C:\Users\lmnam\AppData\Local\Programs\MiKTeX\tex/latex/lettrine\lettrine.sty
File: lettrine.sty 2025-01-30 v2.80 (Daniel Flipo)
 (C:\Users\lmnam\AppData\Local\Programs\MiKTeX\tex/latex/l3packages/xfp\xfp.sty (C:\Users\lmnam\AppData\Local\Programs\MiKTeX\tex/latex/l3kernel\expl3.sty
Package: expl3 2025-10-09 L3 programming layer (loader) 
 (C:\Users\lmnam\AppData\Local\Programs\MiKTeX\tex/latex/l3backend\l3backend-pdftex.def
File: l3backend-pdftex.def 2025-10-09 L3 backend support: PDF output (pdfTeX)
\l__color_backend_stack_int=\count306
))
Package: xfp 2025-10-09 L3 Floating point unit
)
\c@DefaultLines=\count307
\c@DefaultDepth=\count308
\DefaultFindent=\dimen163
\DefaultNindent=\dimen164
\DefaultSlope=\dimen165
\DiscardVskip=\dimen166
\L@lettrine=\box57
\L@lbox=\box58
\L@tbox=\box59
\c@L@lines=\count309
\c@L@depth=\count310
\L@Pindent=\dimen167
\L@Findent=\dimen168
\L@Nindent=\dimen169
\L@lraise=\dimen170
\L@first=\dimen171
\L@next=\dimen172
\L@slope=\dimen173
\L@height=\dimen174
\L@novskip=\dimen175
\L@target@ht=\dimen176
\L@target@dp=\dimen177
\L@target@tht=\dimen178
\LettrineWidth=\dimen179
\LettrineHeight=\dimen180
\LettrineDepth=\dimen181
\L@finalht=\dimen182
\L@finaldp=\dimen183

Loading lettrine.cfg
(C:\Users\lmnam\AppData\Local\Programs\MiKTeX\tex/latex/lettrine\lettrine.cfg)
\Lettrine@tweaks=\toks23
\Llist@everypar=\toks24
) (C:\Users\lmnam\AppData\Local\Programs\MiKTeX\tex/latex/booktabs\booktabs.sty
Package: booktabs 2020/01/12 v1.61803398 Publication quality tables
\heavyrulewidth=\dimen184
\lightrulewidth=\dimen185
\cmidrulewidth=\dimen186
\belowrulesep=\dimen187
\belowbottomsep=\dimen188
\aboverulesep=\dimen189
\abovetopsep=\dimen190
\cmidrulesep=\dimen191
\cmidrulekern=\dimen192
\defaultaddspace=\dimen193
\@cmidla=\count311
\@cmidlb=\count312
\@aboverulesep=\dimen194
\@belowrulesep=\dimen195
\@thisruleclass=\count313
\@lastruleclass=\count314
\@thisrulewidth=\dimen196
) (C:\Users\lmnam\AppData\Local\Programs\MiKTeX\tex/latex/scrhack\scrhack.sty
Package: scrhack 2024-09-04 v3.42 scrhack emulation package
 (C:\Users\lmnam\AppData\Local\Programs\MiKTeX\tex/latex/setspaceenhanced\setspaceenhanced.sty
Package: setspaceenhanced 2024-11-12 v1.04 improved setspace package
)) (C:\Users\lmnam\AppData\Local\Programs\MiKTeX\tex/latex/koma-script\scrlayer-scrpage.sty
Package: scrlayer-scrpage 2025/09/09 v3.48 KOMA-Script package (end user interface for scrlayer)
 (C:\Users\lmnam\AppData\Local\Programs\MiKTeX\tex/latex/koma-script\scrlayer.sty
Package: scrlayer 2025/09/09 v3.48 KOMA-Script package (defining layers and page styles)
Package scrlayer Info: patching LaTeX kernel macro \pagestyle on input line 2179.
)
Package scrlayer-scrpage Info: Makeing stand-alone element `pagehead' from
(scrlayer-scrpage)             alias to `pageheadfoot' on input line 1106.
) (C:\Users\lmnam\AppData\Local\Programs\MiKTeX\tex/latex/ulem\ulem.sty
\UL@box=\box60
\UL@hyphenbox=\box61
\UL@skip=\skip72
\UL@hook=\toks25
\UL@height=\dimen197
\UL@pe=\count315
\UL@pixel=\dimen198
\ULC@box=\box62
Package: ulem 2019/11/18
\ULdepth=\dimen199
) (C:\Users\lmnam\AppData\Local\Programs\MiKTeX\tex/latex/float\float.sty
Package: float 2001/11/08 v1.3d Float enhancements (AL)
\c@float@type=\count316
\float@exts=\toks26
\float@box=\box63
\@float@everytoks=\toks27
\@floatcapt=\box64
) (C:\Users\lmnam\AppData\Local\Programs\MiKTeX\tex/latex/floatbytocbasic\floatbytocbasic.sty
Package: floatbytocbasic 2023-08-16 v1.0 improved float package using tocbasic
 (C:\Users\lmnam\AppData\Local\Programs\MiKTeX\tex/latex/xpatch\xpatch.sty
Package: xpatch 2020/03/25 v0.3a Extending etoolbox patching commands
 (C:\Users\lmnam\AppData\Local\Programs\MiKTeX\tex/latex/l3packages/xparse\xparse.sty
Package: xparse 2025-10-09 L3 Experimental document command parser
))) (C:\Users\lmnam\AppData\Local\Programs\MiKTeX\tex/latex/placeins\placeins.sty
Package: placeins 2005/04/18  v 2.2
) (C:\Users\lmnam\AppData\Local\Programs\MiKTeX\tex/latex/tools\array.sty
Package: array 2025/06/08 v2.6j Tabular extension package (FMi)
\col@sep=\dimen256
\ar@mcellbox=\box65
\extrarowheight=\dimen257
\NC@list=\toks28
\extratabsurround=\skip73
\backup@length=\skip74
\ar@cellbox=\box66
) (C:\Users\lmnam\AppData\Local\Programs\MiKTeX\tex/latex/amsmath\amsmath.sty
Package: amsmath 2025/06/16 v2.17y AMS math features
\@mathmargin=\skip75

For additional information on amsmath, use the `?' option.
(C:\Users\lmnam\AppData\Local\Programs\MiKTeX\tex/latex/amsmath\amstext.sty
Package: amstext 2024/11/17 v2.01 AMS text
 (C:\Users\lmnam\AppData\Local\Programs\MiKTeX\tex/latex/amsmath\amsgen.sty
File: amsgen.sty 1999/11/30 v2.0 generic functions
\@emptytoks=\toks29
\ex@=\dimen258
)) (C:\Users\lmnam\AppData\Local\Programs\MiKTeX\tex/latex/amsmath\amsbsy.sty
Package: amsbsy 1999/11/29 v1.2d Bold Symbols
\pmbraise@=\dimen259
) (C:\Users\lmnam\AppData\Local\Programs\MiKTeX\tex/latex/amsmath\amsopn.sty
Package: amsopn 2022/04/08 v2.04 operator names
)
\inf@bad=\count317
LaTeX Info: Redefining \frac on input line 233.
\uproot@=\count318
\leftroot@=\count319
LaTeX Info: Redefining \overline on input line 398.
LaTeX Info: Redefining \colon on input line 409.
\classnum@=\count320
\DOTSCASE@=\count321
LaTeX Info: Redefining \ldots on input line 495.
LaTeX Info: Redefining \dots on input line 498.
LaTeX Info: Redefining \cdots on input line 619.
\Mathstrutbox@=\box67
\strutbox@=\box68
LaTeX Info: Redefining \big on input line 721.
LaTeX Info: Redefining \Big on input line 722.
LaTeX Info: Redefining \bigg on input line 723.
LaTeX Info: Redefining \Bigg on input line 724.
\big@size=\dimen260
LaTeX Font Info:    Redeclaring font encoding OML on input line 742.
LaTeX Font Info:    Redeclaring font encoding OMS on input line 743.
\macc@depth=\count322
LaTeX Info: Redefining \bmod on input line 904.
LaTeX Info: Redefining \pmod on input line 909.
LaTeX Info: Redefining \smash on input line 939.
LaTeX Info: Redefining \relbar on input line 969.
LaTeX Info: Redefining \Relbar on input line 970.
\c@MaxMatrixCols=\count323
\dotsspace@=\muskip18
\c@parentequation=\count324
\dspbrk@lvl=\count325
\tag@help=\toks30
\row@=\count326
\column@=\count327
\maxfields@=\count328
\andhelp@=\toks31
\eqnshift@=\dimen261
\alignsep@=\dimen262
\tagshift@=\dimen263
\tagwidth@=\dimen264
\totwidth@=\dimen265
\lineht@=\dimen266
\@envbody=\toks32
\multlinegap=\skip76
\multlinetaggap=\skip77
\mathdisplay@stack=\toks33
LaTeX Info: Redefining \[ on input line 2949.
LaTeX Info: Redefining \] on input line 2950.
) (C:\Users\lmnam\AppData\Local\Programs\MiKTeX\tex/latex/amsfonts\amssymb.sty
Package: amssymb 2013/01/14 v3.01 AMS font symbols
 (C:\Users\lmnam\AppData\Local\Programs\MiKTeX\tex/latex/amsfonts\amsfonts.sty
Package: amsfonts 2013/01/14 v3.01 Basic AMSFonts support
\symAMSa=\mathgroup4
\symAMSb=\mathgroup5
LaTeX Font Info:    Redeclaring math symbol \hbar on input line 98.
LaTeX Font Info:    Overwriting math alphabet `\mathfrak' in version `bold'
(Font)                  U/euf/m/n --> U/euf/b/n on input line 106.
)) (C:\Users\lmnam\AppData\Local\Programs\MiKTeX\tex/latex/vhistory\vhistory.sty
Package: vhistory 
 (C:\Users\lmnam\AppData\Local\Programs\MiKTeX\tex/latex/carlisle\ltxtable.sty
Package: ltxtable 2021/06/13 v0.4 longtable/tabularx merge (DPC)
 (C:\Users\lmnam\AppData\Local\Programs\MiKTeX\tex/latex/tools\tabularx.sty
Package: tabularx 2023/12/11 v2.12a `tabularx' package (DPC)
\TX@col@width=\dimen267
\TX@old@table=\dimen268
\TX@old@col=\dimen269
\TX@target=\dimen270
\TX@delta=\dimen271
\TX@cols=\count329
\TX@ftn=\toks34
) (C:\Users\lmnam\AppData\Local\Programs\MiKTeX\tex/latex/tools\longtable.sty
Package: longtable 2024-12-18 v4.23 Multi-page Table package (DPC)
\LTleft=\skip78
\LTright=\skip79
\LTpre=\skip80
\LTpost=\skip81
\LTchunksize=\count330
\LTcapwidth=\dimen272
\LT@head=\box69
\LT@firsthead=\box70
\LT@foot=\box71
\LT@lastfoot=\box72
\LT@gbox=\box73
\LT@cols=\count331
\LT@rows=\count332
\c@LT@tables=\count333
\c@LT@chunks=\count334
\LT@p@ftn=\toks35
)
Class scrbook Info: longtable captions redefined on input line 25.
) (C:\Users\lmnam\AppData\Local\Programs\MiKTeX\tex/latex/vhistory\sets.sty
Package: sets 
\c@s@tlength=\count335
)
Reading file relatorioProjeto.hst...
(relatorioProjeto.hst)
\vh@verfile=\write3
) (C:\Users\lmnam\AppData\Local\Programs\MiKTeX\tex/latex/listings\listings.sty
\lst@mode=\count336
\lst@gtempboxa=\box74
\lst@token=\toks36
\lst@length=\count337
\lst@currlwidth=\dimen273
\lst@column=\count338
\lst@pos=\count339
\lst@lostspace=\dimen274
\lst@width=\dimen275
\lst@newlines=\count340
\lst@lineno=\count341
\lst@maxwidth=\dimen276
 (C:\Users\lmnam\AppData\Local\Programs\MiKTeX\tex/latex/listings\lstpatch.sty
File: lstpatch.sty 2024/09/23 1.10c (Carsten Heinz)
) (C:\Users\lmnam\AppData\Local\Programs\MiKTeX\tex/latex/listings\lstmisc.sty
File: lstmisc.sty 2024/09/23 1.10c (Carsten Heinz)
\c@lstnumber=\count342
\lst@skipnumbers=\count343
\lst@framebox=\box75
) (C:\Users\lmnam\AppData\Local\Programs\MiKTeX\tex/latex/listings\listings.cfg
File: listings.cfg 2024/09/23 1.10c listings configuration
))
Package: listings 2024/09/23 1.10c (Carsten Heinz)
 (C:\Users\lmnam\AppData\Local\Programs\MiKTeX\tex/latex/caption\subcaption.sty
Package: subcaption 2023/07/28 v1.6b Sub-captions (AR)
 (C:\Users\lmnam\AppData\Local\Programs\MiKTeX\tex/latex/caption\caption.sty
Package: caption 2023/08/05 v3.6o Customizing captions (AR)
 (C:\Users\lmnam\AppData\Local\Programs\MiKTeX\tex/latex/caption\caption3.sty
Package: caption3 2023/07/31 v2.4d caption3 kernel (AR)
\caption@tempdima=\dimen277
\captionmargin=\dimen278
\caption@leftmargin=\dimen279
\caption@rightmargin=\dimen280
\caption@width=\dimen281
\caption@indent=\dimen282
\caption@parindent=\dimen283
\caption@hangindent=\dimen284
Package caption Info: Unknown document class (or package),
(caption)             standard defaults will be used.
Package caption Info: \@makecaption = \long macro:#1#2->\@abovecaptionbreak \vskip \abovecaptionskip \@abovecaptionbreak \@@makecaption \@firstofone {#1}{#2}\@belowcaptionbreak \vskip \belowcaptionskip \@belowcaptionbreak  on input line 1175.
)

Package caption Warning: Unknown document class (or package),
(caption)                standard defaults will be used.
See the caption package documentation for explanation.

\c@caption@flags=\count344
\c@continuedfloat=\count345
Package caption Info: float package is loaded.
Package caption Info: hyperref package is loaded.
Package caption Info: listings package is loaded.
Package caption Info: longtable package is loaded.
(C:\Users\lmnam\AppData\Local\Programs\MiKTeX\tex/latex/caption\ltcaption.sty
Package: ltcaption 2021/01/08 v1.4c longtable captions (AR)
))
Package caption Info: New subtype `subfigure' on input line 238.
\c@subfigure=\count346
Package caption Info: New subtype `subtable' on input line 238.
\c@subtable=\count347
) (C:\Users\lmnam\AppData\Local\Programs\MiKTeX\tex/latex/multirow\multirow.sty
Package: multirow 2024/11/12 v2.9 Span multiple rows of a table
\multirow@colwidth=\skip82
\multirow@cntb=\count348
\multirow@dima=\skip83
\bigstrutjot=\dimen285
) (C:\Users\lmnam\AppData\Local\Programs\MiKTeX\tex/latex/listings\lstlang1.sty
File: lstlang1.sty 2024/09/23 1.10c listings language file
) (C:\Users\lmnam\AppData\Local\Programs\MiKTeX\tex/latex/blindtext\blindtext.sty
Package: blindtext 2012/01/06 V2.0 blindtext-Package
 (C:\Users\lmnam\AppData\Local\Programs\MiKTeX\tex/latex/tools\xspace.sty
Package: xspace 2014/10/28 v1.13 Space after command names (DPC,MH)
)
\c@blindtext=\count349
\c@Blindtext=\count350
\c@blind@countparstart=\count351
\blind@countxx=\count352
\blindtext@numBlindtext=\count353
\blind@countyy=\count354
\c@blindlist=\count355
\c@blindlistlevel=\count356
\c@blindlist@level=\count357
\blind@listitem=\count358
\c@blind@listcount=\count359
\c@blind@levelcount=\count360
\blind@mathformula=\count361
\blind@Mathformula=\count362
\c@blind@randomcount=\count363
\c@blind@randommax=\count364
\c@blind@pangramcount=\count365
\c@blind@pangrammax=\count366
) (C:\Users\lmnam\AppData\Local\Programs\MiKTeX\tex/latex/fancyvrb\fancyvrb.sty
Package: fancyvrb 2025/07/28 4.6 verbatim text (tvz,hv)
\FV@CodeLineNo=\count367
\FV@InFile=\read3
\FV@TabBox=\box76
\c@FancyVerbLine=\count368
\FV@StepNumber=\count369
\FV@OutFile=\write4
) (C:\Users\lmnam\AppData\Local\Programs\MiKTeX\tex/latex/libertine\libertine.sty
Package: libertine 2024/04/23 (Bob Tennent) Supports Libertine and Biolinum fonts for all LaTeX engines.
 (C:\Users\lmnam\AppData\Local\Programs\MiKTeX\tex/generic/iftex\ifxetex.sty
Package: ifxetex 2019/10/25 v0.7 ifxetex legacy package. Use iftex instead.
) (C:\Users\lmnam\AppData\Local\Programs\MiKTeX\tex/generic/iftex\ifluatex.sty
Package: ifluatex 2019/10/25 v1.5 ifluatex legacy package. Use iftex instead.
) (C:\Users\lmnam\AppData\Local\Programs\MiKTeX\tex/latex/xkeyval\xkeyval.sty
Package: xkeyval 2022/06/16 v2.9 package option processing (HA)
 (C:\Users\lmnam\AppData\Local\Programs\MiKTeX\tex/generic/xkeyval\xkeyval.tex (C:\Users\lmnam\AppData\Local\Programs\MiKTeX\tex/generic/xkeyval\xkvutils.tex
\XKV@toks=\toks37
\XKV@tempa@toks=\toks38
)
\XKV@depth=\count370
File: xkeyval.tex 2014/12/03 v2.7a key=value parser (HA)
)) (C:\Users\lmnam\AppData\Local\Programs\MiKTeX\tex/latex/base\textcomp.sty
Package: textcomp 2024/04/24 v2.1b Standard LaTeX package
) (C:\Users\lmnam\AppData\Local\Programs\MiKTeX\tex/latex/base\fontenc.sty
Package: fontenc 2024/12/21 v2.1c Standard LaTeX package
) (C:\Users\lmnam\AppData\Local\Programs\MiKTeX\tex/latex/fontaxes\fontaxes.sty
Package: fontaxes 2025-05-24 v2.0.1 Font selection axes (deprecated)
 (C:\Users\lmnam\AppData\Local\Programs\MiKTeX\tex/latex/figureversions\figureversions.sty
Package: figureversions 2025-04-29 v1.0.1 Figure versions
))
LaTeX Info: Redefining \oldstylenums on input line 485.
 (C:\Users\lmnam\AppData\Local\Programs\MiKTeX\tex/latex/libertine\LinLibertine_I.tex))
Class scrbook Info: loading recommended package `bookmark'.
(scrbook)           Using `bookmark' together with `hyperref' is recommended,
(scrbook)           because of handling of possible bookmark level gaps.
(scrbook)           You can avoid loading `bookmark' with KOMA-Script option
(scrbook)           `bookmarkpackage=false' before \begin{document} and
(scrbook)           you can avoid this message adding:
(scrbook)             \usepackage{bookmark}
(scrbook)           before \begin{document} on input line 67.
 (C:\Users\lmnam\AppData\Local\Programs\MiKTeX\tex/latex/bookmark\bookmark.sty
Package: bookmark 2023-12-10 v1.31 PDF bookmarks (HO)
 (C:\Users\lmnam\AppData\Local\Programs\MiKTeX\tex/latex/bookmark\bkm-pdftex.def
File: bkm-pdftex.def 2023-12-10 v1.31 bookmark driver for pdfTeX and luaTeX (HO)
\BKM@id=\count371
))
LaTeX Font Info:    Trying to load font information for T1+LinuxLibertineT-TLF on input line 67.
 (C:\Users\lmnam\AppData\Local\Programs\MiKTeX\tex/latex/libertine\t1linuxlibertinet-tlf.fd
File: T1LinuxLibertineT-TLF.fd 2017/03/20 (autoinst) Font definitions for T1/LinuxLibertineT-TLF.
)
LaTeX Font Info:    Font shape `T1/LinuxLibertineT-TLF/m/n' will be
(Font)              scaled to size 10.95pt on input line 67.
 (relatorioProjeto.aux (C:\Users\lmnam\AppData\Local\Programs\MiKTeX\tex/generic/babel/locale/pt\babel-portuguese.tex)
Package babel Info: Importing data for portuguese
(babel)             from babel-pt.ini. Reported on input line 11.
)
\openout1 = `relatorioProjeto.aux'.

LaTeX Font Info:    Checking defaults for OML/cmm/m/it on input line 67.
LaTeX Font Info:    ... okay on input line 67.
LaTeX Font Info:    Checking defaults for OMS/cmsy/m/n on input line 67.
LaTeX Font Info:    ... okay on input line 67.
LaTeX Font Info:    Checking defaults for OT1/cmr/m/n on input line 67.
LaTeX Font Info:    ... okay on input line 67.
LaTeX Font Info:    Checking defaults for T1/cmr/m/n on input line 67.
LaTeX Font Info:    ... okay on input line 67.
LaTeX Font Info:    Checking defaults for TS1/cmr/m/n on input line 67.
LaTeX Font Info:    ... okay on input line 67.
LaTeX Font Info:    Checking defaults for OMX/cmex/m/n on input line 67.
LaTeX Font Info:    ... okay on input line 67.
LaTeX Font Info:    Checking defaults for U/cmr/m/n on input line 67.
LaTeX Font Info:    ... okay on input line 67.
LaTeX Font Info:    Checking defaults for PD1/pdf/m/n on input line 67.
LaTeX Font Info:    ... okay on input line 67.
LaTeX Font Info:    Checking defaults for PU/pdf/m/n on input line 67.
LaTeX Font Info:    ... okay on input line 67.
Package scrbase Info: activating english \partname on input line 67.
Package scrbase Info: activating english \chaptername on input line 67.
Package scrbase Info: activating english \appendixname on input line 67.
Package scrbase Info: activating english \figurename on input line 67.
Package scrbase Info: activating english \tablename on input line 67.
Package scrbase Info: activating english \contentsname on input line 67.
Package scrbase Info: activating english \listfigurename on input line 67.
Package scrbase Info: activating english \listtablename on input line 67.
Package scrbase Info: activating english \bibname on input line 67.
Package scrbase Info: activating english \indexname on input line 67.
 (C:\Users\lmnam\AppData\Local\Programs\MiKTeX\tex/context/base/mkii\supp-pdf.mkii
[Loading MPS to PDF converter (version 2006.09.02).]
\scratchcounter=\count372
\scratchdimen=\dimen286
\scratchbox=\box77
\nofMPsegments=\count373
\nofMParguments=\count374
\everyMPshowfont=\toks39
\MPscratchCnt=\count375
\MPscratchDim=\dimen287
\MPnumerator=\count376
\makeMPintoPDFobject=\count377
\everyMPtoPDFconversion=\toks40
) (C:\Users\lmnam\AppData\Local\Programs\MiKTeX\tex/latex/epstopdf-pkg\epstopdf-base.sty
Package: epstopdf-base 2020-01-24 v2.11 Base part for package epstopdf
Package epstopdf-base Info: Redefining graphics rule for `.eps' on input line 485.
 (C:\Users\lmnam\AppData\Local\Programs\MiKTeX\tex/latex/00miktex\epstopdf-sys.cfg
File: epstopdf-sys.cfg 2021/03/18 v2.0 Configuration of epstopdf for MiKTeX
))
Package hyperref Info: Link coloring OFF on input line 67.
 (C:\Users\lmnam\AppData\Local\Programs\MiKTeX\tex/latex/pdflscape\pdflscape.sty
Package: pdflscape 2022-10-27 v0.13 Display of landscape pages in PDF
 (C:\Users\lmnam\AppData\Local\Programs\MiKTeX\tex/latex/pdflscape\pdflscape-nometadata.sty
Package: pdflscape-nometadata 2022-10-28 v0.13 Display of landscape pages in PDF (HO)
 (C:\Users\lmnam\AppData\Local\Programs\MiKTeX\tex/latex/graphics\lscape.sty
Package: lscape 2020/05/28 v3.02 Landscape Pages (DPC)
) (C:\Users\lmnam\AppData\Local\Programs\MiKTeX\tex/latex/lscapeenhanced\lscapeenhanced.sty
Package: lscapeenhanced 2024-04-16 v1.0 improved lscape package
Package lscapeenhanced Info: \landscape patched to make \textheight change optional on input line 72.
\@lscapeenhanced@textheight=\skip84
)
Package pdflscape Info: Auto-detected driver: pdftex on input line 81.
))
\c@lstlisting=\count378
Package tocbasic Info: setting babel extension for `lol' on input line 67.
\scr@dte@lstlisting@maxnumwidth=\skip85
Package caption Info: Begin \AtBeginDocument code.
Package caption Info: End \AtBeginDocument code.
\c@mv@tabular=\count379
\c@mv@boldtabular=\count380
<logos/logoisep.png, id=3, 886.31125pt x 338.26375pt>
File: logos/logoisep.png Graphic file (type png)
<use logos/logoisep.png>
Package pdftex.def Info: logos/logoisep.png  used on input line 88.
(pdftex.def)             Requested size: 177.25911pt x 67.65154pt.
<logos/logo_DEI_big_transparente.png, id=5, 642.4pt x 252.945pt>
File: logos/logo_DEI_big_transparente.png Graphic file (type png)
<use logos/logo_DEI_big_transparente.png>
Package pdftex.def Info: logos/logo_DEI_big_transparente.png  used on input line 88.
(pdftex.def)             Requested size: 73.87935pt x 29.08998pt.
LaTeX Font Info:    Trying to load font information for T1+LinuxBiolinumT-TLF on input line 88.
 (C:\Users\lmnam\AppData\Local\Programs\MiKTeX\tex/latex/libertine\t1linuxbiolinumt-tlf.fd
File: T1LinuxBiolinumT-TLF.fd 2017/03/20 (autoinst) Font definitions for T1/LinuxBiolinumT-TLF.
)
LaTeX Font Info:    Font shape `T1/LinuxBiolinumT-TLF/m/n' will be
(Font)              scaled to size 10.95pt on input line 88.
LaTeX Font Info:    Font shape `T1/LinuxBiolinumT-TLF/b/n' will be
(Font)              scaled to size 10.95pt on input line 88.
LaTeX Font Info:    Font shape `T1/LinuxBiolinumT-TLF/b/n' will be
(Font)              scaled to size 20.74pt on input line 88.
LaTeX Font Info:    Font shape `T1/LinuxBiolinumT-TLF/b/n' will be
(Font)              scaled to size 12.0pt on input line 88.
LaTeX Font Info:    Font shape `T1/LinuxLibertineT-TLF/m/n' will be
(Font)              scaled to size 14.4pt on input line 88.
LaTeX Font Info:    Trying to load font information for U+msa on input line 88.
 (C:\Users\lmnam\AppData\Local\Programs\MiKTeX\tex/latex/amsfonts\umsa.fd
File: umsa.fd 2013/01/14 v3.01 AMS symbols A
)
LaTeX Font Info:    Trying to load font information for U+msb on input line 88.
 (C:\Users\lmnam\AppData\Local\Programs\MiKTeX\tex/latex/amsfonts\umsb.fd
File: umsb.fd 2013/01/14 v3.01 AMS symbols B
)

[1





{C:/Users/lmnam/AppData/Local/MiKTeX/fonts/map/pdftex/pdftex.map}{C:/Users/lmnam/AppData/Local/Programs/MiKTeX/fonts/enc/dvips/libertine/lbtn_25tcsq.enc}{C:/Users/lmnam/AppData/Local/Programs/MiKTeX/fonts/enc/dvips/libertine/lbtn_76gpa5.enc} <./logos/logoisep.png> <./logos/logo_DEI_big_transparente.png>]

[2


] (relatorioProjeto.toc
LaTeX Font Info:    Trying to load font information for TS1+LinuxLibertineT-TLF on input line 24.
 (C:\Users\lmnam\AppData\Local\Programs\MiKTeX\tex/latex/libertine\ts1linuxlibertinet-tlf.fd
File: TS1LinuxLibertineT-TLF.fd 2017/03/20 (autoinst) Font definitions for TS1/LinuxLibertineT-TLF.
)
LaTeX Font Info:    Font shape `TS1/LinuxLibertineT-TLF/m/n' will be
(Font)              scaled to size 10.95pt on input line 24.


LaTeX Font Info:    Font shape `T1/LinuxLibertineT-TLF/m/sl' in size <10.95> not available
(Font)              Font shape `T1/LinuxLibertineT-TLF/m/it' tried instead on input line 30.
LaTeX Font Info:    Font shape `T1/LinuxLibertineT-TLF/m/it' will be
(Font)              scaled to size 10.95pt on input line 30.
[3


{C:/Users/lmnam/AppData/Local/Programs/MiKTeX/fonts/enc/dvips/libertine/lbtn_naooyc.enc}])
\tf@toc=\write5
\openout5 = `relatorioProjeto.toc'.



File: logos/logo_DEI_big_transparente.png Graphic file (type png)
<use logos/logo_DEI_big_transparente.png>
Package pdftex.def Info: logos/logo_DEI_big_transparente.png  used on input line 93.
(pdftex.def)             Requested size: 38.84038pt x 15.29182pt.
File: logos/logoisep.png Graphic file (type png)
<use logos/logoisep.png>
Package pdftex.def Info: logos/logoisep.png  used on input line 93.
(pdftex.def)             Requested size: 58.25465pt x 22.2305pt.

Package scrlayer-scrpage Warning: \footheight to low.
(scrlayer-scrpage)                At least 43.4974pt needed,
(scrlayer-scrpage)                but only 17.0pt found.
(scrlayer-scrpage)                I'll enlarge \footheight, for further
(scrlayer-scrpage)                processing, but you should do this yourself,
(scrlayer-scrpage)                e.g., setting typearea's option
(scrlayer-scrpage)                `footheight=43.4974pt'.
(scrlayer-scrpage)                I'll also increase \footskip on input line 93.

[4{C:/Users/lmnam/AppData/Local/Programs/MiKTeX/fonts/enc/dvips/libertine/lbtn_7grukw.enc}] (relatorioProjeto.lof)
\tf@lof=\write6
\openout6 = `relatorioProjeto.lof'.



[5


]

[6


] (relatorioProjeto.lot)
\tf@lot=\write7
\openout7 = `relatorioProjeto.lot'.



[7]

[8


]
Underfull \hbox (badness 10000) in paragraph at lines 100--101

 []


Underfull \hbox (badness 10000) in paragraph at lines 102--103

 []


Underfull \hbox (badness 10000) in paragraph at lines 104--105

 []


Underfull \hbox (badness 10000) in paragraph at lines 106--107

 []



[9]

[10


]
chapter 1.
LaTeX Font Info:    Font shape `T1/LinuxLibertineT-TLF/b/n' will be
(Font)              scaled to size 10.95pt on input line 116.
<../../images/in/src.jpg, id=143, 207.174pt x 307.3884pt>
File: ../../images/in/src.jpg Graphic file (type jpg)
<use ../../images/in/src.jpg>
Package pdftex.def Info: ../../images/in/src.jpg  used on input line 124.
(pdftex.def)             Requested size: 174.76988pt x 259.3114pt.
LaTeX Font Info:    Font shape `T1/LinuxLibertineT-TLF/m/n' will be
(Font)              scaled to size 10.0pt on input line 125.
<../../images/out/src_sequential.jpg, id=144, 863.225pt x 1280.785pt>
File: ../../images/out/src_sequential.jpg Graphic file (type jpg)
<use ../../images/out/src_sequential.jpg>
Package pdftex.def Info: ../../images/out/src_sequential.jpg  used on input line 130.
(pdftex.def)             Requested size: 174.76988pt x 259.2989pt.


[1


{C:/Users/lmnam/AppData/Local/Programs/MiKTeX/fonts/enc/dvips/libertine/lbtn_nh77jq.enc} <../../images/in/src.jpg> <../../images/out/src_sequential.jpg>]
LaTeX Font Info:    Font shape `T1/LinuxLibertineT-TLF/m/n' will be
(Font)              scaled to size 8.0pt on input line 145.
LaTeX Font Info:    Font shape `T1/LinuxLibertineT-TLF/m/n' will be
(Font)              scaled to size 6.0pt on input line 145.


File: logos/logo_DEI_big_transparente.png Graphic file (type png)
<use logos/logo_DEI_big_transparente.png>
Package pdftex.def Info: logos/logo_DEI_big_transparente.png  used on input line 150.
(pdftex.def)             Requested size: 38.84038pt x 15.29182pt.
File: logos/logoisep.png Graphic file (type png)
<use logos/logoisep.png>
Package pdftex.def Info: logos/logoisep.png  used on input line 150.
(pdftex.def)             Requested size: 58.25465pt x 22.2305pt.
[2]
chapter 2.


[3


]

[4


]
chapter 3.

Overfull \hbox (74.51718pt too wide) in paragraph at lines 177--178
\T1/LinuxLibertineT-TLF/m/n/10.95 ten-dem a classe abs-trata \T1/cmtt/m/n/10.95 AbstractFilter\T1/LinuxLibertineT-TLF/m/n/10.95 , que dis-po-ni-bi-liza os mé-to-dos uti-li-tá-rios \T1/cmtt/m/n/10.95 computeLuminosity\T1/LinuxLibertineT-TLF/m/n/10.95 ,
 []


Overfull \hbox (12.84694pt too wide) in paragraph at lines 177--178
\T1/cmtt/m/n/10.95 buildCumulativeHistogram \T1/LinuxLibertineT-TLF/m/n/10.95 e \T1/cmtt/m/n/10.95 equalizedLuminosity\T1/LinuxLibertineT-TLF/m/n/10.95 . Os mé-to-dos \T1/cmtt/m/n/10.95 computeHistogram
 []

LaTeX Font Info:    Font shape `T1/LinuxBiolinumT-TLF/b/n' will be
(Font)              scaled to size 14.4pt on input line 180.

Underfull \vbox (badness 10000) has occurred while \output is active []



[5]
Overfull \hbox (13.90634pt too wide) in paragraph at lines 210--211
[]\T1/LinuxLibertineT-TLF/b/n/10.95 Fase 2 (se-quen-cial): \T1/LinuxLibertineT-TLF/m/n/10.95 O his-to-grama cu-mu-la-tivo é cal-cu-lado se-quen-ci-al-mente (O(256)). 
 []



File: logos/logo_DEI_big_transparente.png Graphic file (type png)
<use logos/logo_DEI_big_transparente.png>
Package pdftex.def Info: logos/logo_DEI_big_transparente.png  used on input line 238.
(pdftex.def)             Requested size: 38.84038pt x 15.29182pt.
File: logos/logoisep.png Graphic file (type png)
<use logos/logoisep.png>
Package pdftex.def Info: logos/logoisep.png  used on input line 238.
(pdftex.def)             Requested size: 58.25465pt x 22.2305pt.
[6]

File: logos/logoisep.png Graphic file (type png)
<use logos/logoisep.png>
Package pdftex.def Info: logos/logoisep.png  used on input line 270.
(pdftex.def)             Requested size: 58.25465pt x 22.2305pt.
File: logos/logo_DEI_big_transparente.png Graphic file (type png)
<use logos/logo_DEI_big_transparente.png>
Package pdftex.def Info: logos/logo_DEI_big_transparente.png  used on input line 270.
(pdftex.def)             Requested size: 38.84038pt x 15.29182pt.
[7]
Overfull \hbox (20.08723pt too wide) in paragraph at lines 298--299
[]\T1/cmtt/m/n/10.95 supplyAsync \T1/LinuxLibertineT-TLF/m/n/10.95 lança as ta-re-fas de his-to-grama as-sin-cro-na-mente num \T1/cmtt/m/n/10.95 ExecutorService
 []


Overfull \hbox (0.76968pt too wide) in paragraph at lines 299--300
[]\T1/cmtt/m/n/10.95 CompletableFuture.allOf(...).thenApply(...) \T1/LinuxLibertineT-TLF/m/n/10.95 aguarda a con-clu-são de to-
 []



File: logos/logo_DEI_big_transparente.png Graphic file (type png)
<use logos/logo_DEI_big_transparente.png>
Package pdftex.def Info: logos/logo_DEI_big_transparente.png  used on input line 304.
(pdftex.def)             Requested size: 38.84038pt x 15.29182pt.
File: logos/logoisep.png Graphic file (type png)
<use logos/logoisep.png>
Package pdftex.def Info: logos/logoisep.png  used on input line 304.
(pdftex.def)             Requested size: 58.25465pt x 22.2305pt.
[8]
Overfull \hbox (20.2293pt too wide) in paragraph at lines 324--325
\T1/LinuxLibertineT-TLF/m/n/10.95 O ben-ch-mark foi exe-cu-tado se-pa-ra-da-mente com qua-tro \T1/LinuxLibertineT-TLF/m/it/10.95 Gar-bage Col-lec-tors \T1/LinuxLibertineT-TLF/m/n/10.95 da JVM (\T1/cmtt/m/n/10.95 -Xms256m
 []



File: logos/logoisep.png Graphic file (type png)
<use logos/logoisep.png>
Package pdftex.def Info: logos/logoisep.png  used on input line 335.
(pdftex.def)             Requested size: 58.25465pt x 22.2305pt.
File: logos/logo_DEI_big_transparente.png Graphic file (type png)
<use logos/logo_DEI_big_transparente.png>
Package pdftex.def Info: logos/logo_DEI_big_transparente.png  used on input line 335.
(pdftex.def)             Requested size: 38.84038pt x 15.29182pt.
[9]
LaTeX Font Info:    Font shape `TS1/LinuxLibertineT-TLF/b/n' will be
(Font)              scaled to size 10.95pt on input line 346.

Overfull \hbox (96.36392pt too wide) in paragraph at lines 342--352
 [][] 
 []

<../../images/charts/chart_04_gc_timing.png, id=267, 578.16pt x 361.35pt>
File: ../../images/charts/chart_04_gc_timing.png Graphic file (type png)
<use ../../images/charts/chart_04_gc_timing.png>
Package pdftex.def Info: ../../images/charts/chart_04_gc_timing.png  used on input line 358.
(pdftex.def)             Requested size: 318.47458pt x 199.04637pt.
<../../images/charts/chart_05_gc_pauses.png, id=268, 578.16pt x 361.35pt>
File: ../../images/charts/chart_05_gc_pauses.png Graphic file (type png)
<use ../../images/charts/chart_05_gc_pauses.png>
Package pdftex.def Info: ../../images/charts/chart_05_gc_pauses.png  used on input line 365.
(pdftex.def)             Requested size: 318.47458pt x 199.04637pt.

Underfull \vbox (badness 10000) has occurred while \output is active []



File: logos/logo_DEI_big_transparente.png Graphic file (type png)
<use logos/logo_DEI_big_transparente.png>
Package pdftex.def Info: logos/logo_DEI_big_transparente.png  used on input line 369.
(pdftex.def)             Requested size: 38.84038pt x 15.29182pt.
File: logos/logoisep.png Graphic file (type png)
<use logos/logoisep.png>
Package pdftex.def Info: logos/logoisep.png  used on input line 369.
(pdftex.def)             Requested size: 58.25465pt x 22.2305pt.
[10{C:/Users/lmnam/AppData/Local/Programs/MiKTeX/fonts/enc/dvips/libertine/lbtn_7f4ce4.enc} <../../images/charts/chart_04_gc_timing.png>]
Overfull \hbox (17.50705pt too wide) in paragraph at lines 379--380
[]\T1/LinuxLibertineT-TLF/b/n/10.95 Serviço in-te-ra-tivo (la-tên-cia pre-vi-sí-vel): \T1/LinuxLibertineT-TLF/m/n/10.95 G1GC com \T1/cmtt/m/n/10.95 -XX:MaxGCPauseMillis=100\T1/LinuxLibertineT-TLF/m/n/10.95 . 
 []



File: logos/logoisep.png Graphic file (type png)
<use logos/logoisep.png>
Package pdftex.def Info: logos/logoisep.png  used on input line 390.
(pdftex.def)             Requested size: 58.25465pt x 22.2305pt.
File: logos/logo_DEI_big_transparente.png Graphic file (type png)
<use logos/logo_DEI_big_transparente.png>
Package pdftex.def Info: logos/logo_DEI_big_transparente.png  used on input line 390.
(pdftex.def)             Requested size: 38.84038pt x 15.29182pt.
[11 <../../images/charts/chart_05_gc_pauses.png>]

[12


]
chapter 4.

Overfull \hbox (23.24176pt too wide) in paragraph at lines 418--428
 [][] 
 []


Underfull \vbox (badness 7558) has occurred while \output is active []



[13]
Overfull \hbox (26.04726pt too wide) in paragraph at lines 430--431
\T1/LinuxLibertineT-TLF/m/n/10.95 A op-ção por his-to-gra-mas par-ci-ais por th-read (sem \T1/cmtt/m/n/10.95 synchronized \T1/LinuxLibertineT-TLF/m/n/10.95 nem \T1/cmtt/m/n/10.95 AtomicIntegerArray\T1/LinuxLibertineT-TLF/m/n/10.95 )
 []



File: logos/logo_DEI_big_transparente.png Graphic file (type png)
<use logos/logo_DEI_big_transparente.png>
Package pdftex.def Info: logos/logo_DEI_big_transparente.png  used on input line 433.
(pdftex.def)             Requested size: 38.84038pt x 15.29182pt.
File: logos/logoisep.png Graphic file (type png)
<use logos/logoisep.png>
Package pdftex.def Info: logos/logoisep.png  used on input line 433.
(pdftex.def)             Requested size: 58.25465pt x 22.2305pt.
[14]
chapter 5.

Overfull \hbox (3.35356pt too wide) in paragraph at lines 441--442
[]\T1/LinuxLibertineT-TLF/b/n/10.95 Processadores: \T1/LinuxLibertineT-TLF/m/n/10.95 22 ló-gi-cos (\T1/cmtt/m/n/10.95 Runtime.getRuntime().availableProcessors()\T1/LinuxLibertineT-TLF/m/n/10.95 ) 
 []

LaTeX Font Info:    Trying to load font information for TS1+LinuxBiolinumT-TLF on input line 447.
(C:\Users\lmnam\AppData\Local\Programs\MiKTeX\tex/latex/libertine\ts1linuxbiolinumt-tlf.fd
File: TS1LinuxBiolinumT-TLF.fd 2017/03/20 (autoinst) Font definitions for TS1/LinuxBiolinumT-TLF.
)
LaTeX Font Info:    Font shape `TS1/LinuxBiolinumT-TLF/b/n' will be
(Font)              scaled to size 14.4pt on input line 447.

Underfull \vbox (badness 10000) has occurred while \output is active []



[15


]
<../../images/charts/chart_01_speedup_threads.png, id=303, 578.16pt x 361.35pt>
File: ../../images/charts/chart_01_speedup_threads.png Graphic file (type png)
<use ../../images/charts/chart_01_speedup_threads.png>
Package pdftex.def Info: ../../images/charts/chart_01_speedup_threads.png  used on input line 487.
(pdftex.def)             Requested size: 330.1255pt x 206.32452pt.

Underfull \vbox (badness 10000) has occurred while \output is active []



File: logos/logo_DEI_big_transparente.png Graphic file (type png)
<use logos/logo_DEI_big_transparente.png>
Package pdftex.def Info: logos/logo_DEI_big_transparente.png  used on input line 491.
(pdftex.def)             Requested size: 38.84038pt x 15.29182pt.
File: logos/logoisep.png Graphic file (type png)
<use logos/logoisep.png>
Package pdftex.def Info: logos/logoisep.png  used on input line 491.
(pdftex.def)             Requested size: 58.25465pt x 22.2305pt.
[16{C:/Users/lmnam/AppData/Local/Programs/MiKTeX/fonts/enc/dvips/libertine/lbtn_mmutss.enc}]
<../../images/charts/chart_02_time_by_size.png, id=310, 578.16pt x 361.35pt>
File: ../../images/charts/chart_02_time_by_size.png Graphic file (type png)
<use ../../images/charts/chart_02_time_by_size.png>
Package pdftex.def Info: ../../images/charts/chart_02_time_by_size.png  used on input line 502.
(pdftex.def)             Requested size: 310.70532pt x 194.18875pt.

Underfull \vbox (badness 10000) has occurred while \output is active []



File: logos/logoisep.png Graphic file (type png)
<use logos/logoisep.png>
Package pdftex.def Info: logos/logoisep.png  used on input line 506.
(pdftex.def)             Requested size: 58.25465pt x 22.2305pt.
File: logos/logo_DEI_big_transparente.png Graphic file (type png)
<use logos/logo_DEI_big_transparente.png>
Package pdftex.def Info: logos/logo_DEI_big_transparente.png  used on input line 506.
(pdftex.def)             Requested size: 38.84038pt x 15.29182pt.
[17 <../../images/charts/chart_01_speedup_threads.png>]
<../../images/charts/chart_03_speedup_by_size.png, id=317, 650.43pt x 361.35pt>
File: ../../images/charts/chart_03_speedup_by_size.png Graphic file (type png)
<use ../../images/charts/chart_03_speedup_by_size.png>
Package pdftex.def Info: ../../images/charts/chart_03_speedup_by_size.png  used on input line 527.
(pdftex.def)             Requested size: 349.53978pt x 194.19427pt.

Underfull \vbox (badness 10000) has occurred while \output is active []



File: logos/logo_DEI_big_transparente.png Graphic file (type png)
<use logos/logo_DEI_big_transparente.png>
Package pdftex.def Info: logos/logo_DEI_big_transparente.png  used on input line 531.
(pdftex.def)             Requested size: 38.84038pt x 15.29182pt.
File: logos/logoisep.png Graphic file (type png)
<use logos/logoisep.png>
Package pdftex.def Info: logos/logoisep.png  used on input line 531.
(pdftex.def)             Requested size: 58.25465pt x 22.2305pt.
[18 <../../images/charts/chart_02_time_by_size.png>]
LaTeX Info: Symbol \textrightarrow not provided by
            font family LinuxLibertineT-TLF in TS1 encoding.
            Default family used instead on input line 532.
<../../images/charts/chart_06_time_threads_fhd.png, id=324, 578.16pt x 361.35pt>
File: ../../images/charts/chart_06_time_threads_fhd.png Graphic file (type png)
<use ../../images/charts/chart_06_time_threads_fhd.png>
Package pdftex.def Info: ../../images/charts/chart_06_time_threads_fhd.png  used on input line 544.
(pdftex.def)             Requested size: 330.1255pt x 206.32452pt.

Underfull \vbox (badness 10000) has occurred while \output is active []



File: logos/logoisep.png Graphic file (type png)
<use logos/logoisep.png>
Package pdftex.def Info: logos/logoisep.png  used on input line 548.
(pdftex.def)             Requested size: 58.25465pt x 22.2305pt.
File: logos/logo_DEI_big_transparente.png Graphic file (type png)
<use logos/logo_DEI_big_transparente.png>
Package pdftex.def Info: logos/logo_DEI_big_transparente.png  used on input line 548.
(pdftex.def)             Requested size: 38.84038pt x 15.29182pt.
[19 <../../images/charts/chart_03_speedup_by_size.png>]

File: logos/logo_DEI_big_transparente.png Graphic file (type png)
<use logos/logo_DEI_big_transparente.png>
Package pdftex.def Info: logos/logo_DEI_big_transparente.png  used on input line 566.
(pdftex.def)             Requested size: 38.84038pt x 15.29182pt.
File: logos/logoisep.png Graphic file (type png)
<use logos/logoisep.png>
Package pdftex.def Info: logos/logoisep.png  used on input line 566.
(pdftex.def)             Requested size: 58.25465pt x 22.2305pt.
[20 <../../images/charts/chart_06_time_threads_fhd.png>]
LaTeX Font Info:    Font shape `T1/cmtt/bx/n' in size <10.95> not available
(Font)              Font shape `T1/cmtt/m/n' tried instead on input line 566.


File: logos/logoisep.png Graphic file (type png)
<use logos/logoisep.png>
Package pdftex.def Info: logos/logoisep.png  used on input line 570.
(pdftex.def)             Requested size: 58.25465pt x 22.2305pt.
File: logos/logo_DEI_big_transparente.png Graphic file (type png)
<use logos/logo_DEI_big_transparente.png>
Package pdftex.def Info: logos/logo_DEI_big_transparente.png  used on input line 570.
(pdftex.def)             Requested size: 38.84038pt x 15.29182pt.
[21]

[22


]
chapter 6.
LaTeX Info: Symbol \textrightarrow not provided by
            font family LinuxLibertineT-TLF in TS1 encoding.
            Default family used instead on input line 578.

Overfull \hbox (29.7498pt too wide) in paragraph at lines 591--602
 [][] 
 []


Underfull \vbox (badness 10000) has occurred while \output is active []



[23]

File: logos/logo_DEI_big_transparente.png Graphic file (type png)
<use logos/logo_DEI_big_transparente.png>
Package pdftex.def Info: logos/logo_DEI_big_transparente.png  used on input line 620.
(pdftex.def)             Requested size: 38.84038pt x 15.29182pt.
File: logos/logoisep.png Graphic file (type png)
<use logos/logoisep.png>
Package pdftex.def Info: logos/logoisep.png  used on input line 620.
(pdftex.def)             Requested size: 58.25465pt x 22.2305pt.
[24]
Underfull \hbox (badness 5302) in paragraph at lines 638--642
[]\T1/LinuxLibertineT-TLF/m/n/10.95 Oracle Cor-po-ra-tion.  \T1/LinuxLibertineT-TLF/m/it/10.95 Fork/-Join Fra-mework\T1/LinuxLibertineT-TLF/m/n/10.95 .  Java Do-cu-men-ta-tion, 2024.
 []


Underfull \hbox (badness 10000) in paragraph at lines 638--642
[]$\T1/cmtt/m/n/10.95 https : / / docs . oracle . com / javase / tutorial / essential / concurrency /
 []


Underfull \hbox (badness 5924) in paragraph at lines 644--648
[]\T1/LinuxLibertineT-TLF/m/n/10.95 Oracle Cor-po-ra-tion.  \T1/LinuxLibertineT-TLF/m/it/10.95 Com-ple-ta-ble-Fu-ture API\T1/LinuxLibertineT-TLF/m/n/10.95 .  Java SE 21 Do-cu-men-ta-
 []



[25


] (relatorioProjeto.aux)
 ***********
LaTeX2e <2025-06-01> patch level 1
L3 programming layer <2020/03/25>
 ***********
 ) 
Here is how much of TeX's memory you used:
 24696 strings out of 468080
 470372 string characters out of 5425772
 1181346 words of memory out of 5000000
 52788 multiletter control sequences out of 15000+600000
 701245 words of font info for 102 fonts, out of 8000000 for 9000
 1141 hyphenation exceptions out of 8191
 108i,23n,124p,11261b,1230s stack positions out of 10000i,1000n,20000p,200000b,200000s
 <C:\Users\lmnam\AppData\Local\MiKTeX\fonts/pk/ljfour/jknappen/ec/dpi600\tcrm1095.pk> <C:\Users\lmnam\AppData\Local\MiKTeX\fonts/pk/ljfour/jknappen/ec/dpi600\ectt1000.pk> <C:\Users\lmnam\AppData\Local\MiKTeX\fonts/pk/ljfour/jknappen/ec/dpi600\ectt1095.pk> <C:\Users\lmnam\AppData\Local\MiKTeX\fonts/pk/ljfour/jknappen/ec/dpi600\ectt1440.pk><C:/Users/lmnam/AppData/Local/Programs/MiKTeX/fonts/type1/public/libertine/LinBiolinumTB.pfb><C:/Users/lmnam/AppData/Local/Programs/MiKTeX/fonts/type1/public/libertine/LinLibertineT.pfb><C:/Users/lmnam/AppData/Local/Programs/MiKTeX/fonts/type1/public/libertine/LinLibertineTB.pfb><C:/Users/lmnam/AppData/Local/Programs/MiKTeX/fonts/type1/public/libertine/LinLibertineTI.pfb><C:/Users/lmnam/AppData/Local/Programs/MiKTeX/fonts/type1/public/amsfonts/cm/cmex10.pfb><C:/Users/lmnam/AppData/Local/Programs/MiKTeX/fonts/type1/public/amsfonts/cm/cmmi10.pfb><C:/Users/lmnam/AppData/Local/Programs/MiKTeX/fonts/type1/public/amsfonts/cm/cmr10.pfb><C:/Users/lmnam/AppData/Local/Programs/MiKTeX/fonts/type1/public/amsfonts/cm/cmsy10.pfb>
Output written on relatorioProjeto.pdf (35 pages, 1123609 bytes).
PDF statistics:
 698 PDF objects out of 1000 (max. 8388607)
 168 named destinations out of 1000 (max. 500000)
 299 words of extra memory for PDF output out of 10000 (max. 10000000)

